mads 1.9.3
     1 				; BMeine.atr
     2 				;
     3 				; Dlist.src
     4 				; DISPLAYIST FUER PLAYFIELD
     5 				; (LEGENDE)
     6 				;-----------------------------------------
     7 				; Original:			1988
     8 				; Überarbeite: 		06.05.2016
     9 				; Original: 		BMEINE.ATR
    10 				; Original Source:	DLIST.SRC 
    11 				; IDE: ATMASSII (Hofacker)
    12 				;
    13 				; Every line after this commend remained 
    14 				; untouched and is written exactly as it
    15 				; was back in 1988 (except for the adjusted
    16 				; assembler directives)
    17 				;-----------------------------------------
    18 				; 
    19 = 5000			BUFFER   EQU $5000  ;BILDRAM
    20 				;
    21 = 0304			DBUFLO	EQU 772   	;BUFFER LOW 
    22 = 0305			DBUFHI	EQU 773   	;BUFFER HI
    23 = 030A			DAUX1	EQU 778   	;SEKTORNUMMER LOW
    24 = 030B			DAUX2	EQU 779   	;SEKTORNUMMER HI
    25 = 0302			DCOMND	EQU 770	 	;KOMMANDO
    26 = E453			DSKINV	EQU 58451 	;IO ROTINE
    27 = A000			PLAYF 	EQU $A000 	;PLAYFIELD.
    28 				;
    29 					ORG $A800
    30 FFFF> A800-AC1D> 4C B9 + 	JMP START
    31 				;
    32 A803			DLIST	
    33 A803 F0				.byte 112+128	
    34 A804 46				.byte 6+64
    35 A805 72 A8			.word NAME
    36 A807 A0				.byte 32+128
    37 A808 4E				.byte 14+64
    38 A809 00 50			.word BUFFER
    39 A80B 0E 0E 8E 0E 0E 8E + 	.byte 14,14,14+128,14,14,14+128,14,14	
    40 A813 0E 0E 8E 0E 0E 8E + 	.byte 14,14,14+128,14,14,14+128,14,14
    41 A81B 0E 0E 8E 0E 0E 8E + 	.byte 14,14,14+128,14,14,14+128,14,14
    42 A823 0E 0E 8E 0E 0E 8E + 	.byte 14,14,14+128,14,14,14+128,14,14
    43 A82B 0E 0E 8E 0E 0E 8E + 	.byte 14,14,14+128,14,14,14+128,14,14
    44 A833 0E 0E 8E 0E 0E 0E + 	.byte 14,14,14+128,14,14,14,14,14
    45 A83B 0E 0E 0E 0E 0E 0E + 	.byte 14,14,14,14,14,14,14,14
    46 A843 0E 0E 0E 0E 8E		.byte 14,14,14,14,14+128
    47 A848 44				.byte 4+64
    48 A849 00 A0			.word PLAYF
    49 A84B 04 04 04 04 04 04 + 	.byte 4,4,4,4,4,4,4,4,4,4,4,4,4,4
    50 A859 84				.byte 4+128
    51 A85A 8D				.byte 13+128
    52 A85B 42				.byte 2+64
    53 A85C 86 A8			.word SCORE
    54 A85E 02 02			.byte 2,2
    55 A860 41				.byte 65
    56 				;
    57 				; LOADSCREEN
    58 				;
    59 A861			LOADSCR	
    60 A861 70 70 70 70 70 70		.byte 112,112,112,112,112,112
    61 A867 47				.byte 7+64
    62 A868 82 A9			.word LSCREEN
    63 A86A 07				.byte 7
    64 A86B 70				.byte 112
    65 A86C 66				.byte 6+64+32
    66 A86D			LNAME	
    67 A86D 00 00			.byte 0,0
    68 A86F 41				.byte 65
    69 A870 61 A8			.word LOADSCR
    70 				;
    71 				; NAME DES LEVELS UND SCOREANZEIGE
    72 				;
    73 A872 B3 A5 A9 00 76 6F + NAME	.byte "”≈… vorsichtig !!!!!"
    74 A886 30 35 2E 2B 34 25 + SCORE	.byte "PUNKTE: 00000000         LEBEN: 01      "
    75 A8AE 00 00 00 00 00 00 + 		.byte "                                        "
    76 A8D6 22 26 07 18 19 00 + 		.byte "BF'89 SOFTWAREPROJEKTE ALLER ART!!!!    "
    77 				;
    78 				; ADRESSEN DER LEVE NAMES
    79 				;
    80 A8FE 0A 1E 32 46		ADR	.byte <L1,<L2,<L3,<L4
    81 A902 5A 6E			.byte <L5,<L6
    82 A904			ADRH	
    83 A904 A9 A9 A9 A9			.byte >L1,>L2,>L3,>L4
    84 A908 A9 A9			.byte >L5,>L6
    85 				;
    86 				; NAMEN DER LEVEL 1-6
    87 				;
    88 A90A 27 25 28 34 00 25 + L1	.byte "GEHT ES LOS!........"
    89 A91E 27 25 28 34 00 37 + L2	.byte "GEHT WEITER IM TAKT."
    90 A932 27 25 34 00 25 33 + L3	.byte "GET ES RUND!!!......"
    91 A946 2B 2F 2D 34 00 2E + L4	.byte "KOMT NOCH EIN LEVEL?"
    92 A95A 27 25 34 00 25 33 + L5	.byte "GET ES RICHTIG LOS! "
    93 A96E 24 21 33 00 26 29 + L6	.byte "DAS FINALE!(ENDLICH)"	
    94 				;
    95 A982			LSCREEN
    96 A982 24 21 33 00 33 30 + 	.byte "DAS SPIEL BEGINNT..."
    97 A996 35 2E 24 00 2A 25 + 	.byte "UND JETZT:          "
    98 				;
    99 				; SEKTORTABELLE FUER BACKGROUNG GR.
   100 				;
   101 A9AA			STAB	
   102 A9AA A5 CE F7 20			.byte <421,<462,<503,<544
   103 A9AE 49 72			.byte <585,<626
   104 A9B0			STABH	
   105 A9B0 01 01 01 02			.byte >421,>462,>503,>544
   106 A9B4 02 02			.byte >585,>626
   107 				;
   108 A9B6 00			LAENGE	.byte 0 	;ANZAHL DER SEKTOREN
   109 A9B7 03			LEVEL	.byte 3
   110 A9B8 00			ZAELER	.byte 0 	;FUER VSCROLL
   111 				;
   112 				; LADEROTINE FUER:
   113 				; ZEICHENSATZ 1-3
   114 				; BACKGROUND GRAFIK
   115 				; UND PLAYFIELD
   116 				;
   117 				; LADE PLAYFIELD
   118 				;
   119 A9B9			START	
   120 A9B9 20 39 AA			JSR SLSCR
   121 A9BC AE B7 A9			LDX LEVEL  		;NUMMER DES LEVELS
   122 A9BF BD AA A9			LDA STAB,X   	;SEKTORLOW 	
   123 A9C2 8D 0A 03			STA DAUX1
   124 A9C5 BD B0 A9			LDA STABH,X  	;SEKTORHI
   125 A9C8 8D 0B 03			STA DAUX2
   126 A9CB A9 00			LDA #<PLAYF		;BUFFERLOW
   127 A9CD 8D 04 03			STA DBUFLO
   128 A9D0 A9 A0			LDA #>PLAYF	 	;BUFFER HI
   129 A9D2 8D 05 03			STA DBUFHI     
   130 A9D5 A9 05			LDA #5
   131 A9D7 8D B6 A9			STA LAENGE
   132 				; LOAD
   133 A9DA			LOADBACK	
   134 A9DA 20 53 E4			JSR DSKINV
   135 A9DD 20 15 AA			JSR INCBUFF  	;BUFFER+128
   136 A9E0 20 27 AA			JSR SEKTOR
   137 A9E3 CE B6 A9			DEC LAENGE
   138 A9E6 AD B6 A9			LDA LAENGE   	;ENDE?
   139 A9E9 C9 00			CMP #0
   140 A9EB D0 ED			BNE LOADBACK 	;NOE ->WEITER.
   141 				;
   142 				; ZEICHENSAETZE LADEN
   143 				;
   144 A9ED A9 00			LDA #<ZSATZ
   145 A9EF 8D 04 03			STA DBUFLO
   146 A9F2 A9 48			LDA #>ZSATZ
   147 A9F4 8D 05 03			STA DBUFHI
   148 A9F7 A9 12			LDA #18
   149 A9F9 8D B6 A9			STA LAENGE
   150 				;
   151 A9FC 20 53 E4		LOADCH	JSR DSKINV
   152 A9FF 20 27 AA			JSR SEKTOR
   153 AA02 20 15 AA			JSR INCBUFF
   154 AA05 CE B6 A9			DEC LAENGE
   155 AA08 AD B6 A9			LDA LAENGE
   156 AA0B C9 00			CMP #0
   157 AA0D D0 ED			BNE LOADCH
   158 AA0F 20 6E AA			JSR UPSCROLL  	;TEXT WEG
   159 AA12 4C 93 AA			JMP RUN
   160 				;
   161 				; BUFFER UM 128 BYTES ERHOEHEN.
   162 				;
   163 AA15			INCBUFF	
   164 AA15 18				CLC
   165 AA16 AD 04 03			LDA DBUFLO
   166 AA19 69 80			ADC #128
   167 AA1B 8D 04 03			STA DBUFLO
   168 AA1E AD 05 03			LDA DBUFHI
   169 AA21 69 00			ADC #0
   170 AA23 8D 05 03			STA DBUFHI
   171 AA26 60				RTS
   172 				;
   173 				; SEKTOR +1
   174 				;
   175 AA27			SEKTOR	
   176 AA27 18				CLC
   177 AA28 AD 0A 03			LDA DAUX1
   178 AA2B 69 01			ADC #1
   179 AA2D 8D 0A 03			STA DAUX1
   180 AA30 AD 0B 03			LDA DAUX2
   181 AA33 69 00			ADC #0
   182 AA35 8D 0B 03			STA DAUX2
   183 AA38 60				RTS
   184 				;
   185 				; SUBROTINE -LOADSCREEN ZEIGEN
   186 				;
   187 AA39			SLSCR	
   188 AA39 AE B7 A9			LDX LEVEL  		;LEVELNAME
   189 AA3C BD FE A8			LDA ADR,X  		;AUSGEBEN.
   190 AA3F 8D 6D A8			STA LNAME
   191 AA42 BD 04 A9			LDA ADRH,X
   192 AA45 8D 6E A8			STA LNAME+1
   193 				;
   194 AA48 A9 61			LDA #<LOADSCR 	;DLIST EIN.
   195 AA4A 8D 30 02			STA 560
   196 AA4D A9 A8			LDA #>LOADSCR
   197 AA4F 8D 31 02			STA 561
   198 				;
   199 AA52 A9 08			LDA #8
   200 AA54 8D 05 D4			STA 54277   	;VSCROLL
   201 AA57 8D B8 A9			STA ZAELER
   202 AA5A			SCROLL	
   203 AA5A CE B8 A9			DEC ZAELER  	;TEXT RUNTER-
   204 AA5D AD B8 A9			LDA ZAELER   	;SCROLLEN
   205 AA60 8D 05 D4			STA 54277
   206 AA63 20 8A AA			JSR WARTEN
   207 AA66 AD B8 A9			LDA ZAELER
   208 AA69 C9 00			CMP #0
   209 AA6B D0 ED			BNE SCROLL
   210 AA6D 60				RTS
   211 				;
   212 AA6E			UPSCROLL	
   213 AA6E A9 00			LDA #0       	;TEXT RAUF-
   214 AA70 8D 05 D4			STA 54277   	;SCROLLEN.
   215 AA73 8D B8 A9			STA ZAELER
   216 AA76			UPSC	
   217 AA76 EE B8 A9			INC ZAELER
   218 AA79 AD B8 A9			LDA ZAELER
   219 AA7C 8D 05 D4			STA 54277
   220 AA7F 20 8A AA			JSR WARTEN
   221 AA82 AD B8 A9			LDA ZAELER
   222 AA85 C9 07			CMP #7
   223 AA87 D0 ED			BNE UPSC
   224 AA89 60				RTS
   225 				;
   226 AA8A			WARTEN	
   227 AA8A A9 FA			LDA #250     	;KURZ WARTEN.
   228 AA8C 85 14			STA $14
   229 AA8E			WART	
   230 AA8E A5 14			LDA $14
   231 AA90 D0 FC			BNE WART
   232 AA92 60				RTS
   233 				;
   234 				; AKTIVIERE DLI UND ZEIGE PLAYFIELD
   235 				;
   236 AA93			RUN	
   237 AA93 A9 03			LDA #<DLIST
   238 AA95 8D 30 02			STA 560
   239 AA98 A9 A8			LDA #>DLIST
   240 AA9A 8D 31 02			STA 561
   241 				;
   242 AA9D A9 AF			LDA #<DLI1   	;1. DLI ROTINE
   243 AA9F 8D 00 02			STA 512	  		; AUFRUFEN.
   244 AAA2 A9 AA			LDA #>DLI1
   245 AAA4 8D 01 02			STA 513
   246 AAA7 A9 C0			LDA #192
   247 AAA9 8D 0E D4			STA 54286
   248 				;
   249 AAAC 4C 00 58			JMP $5800		;08.05.2016 => Start LegendeMain.asm!
   250 				;------------------------------------
   251 				; DISPLAY INTERUPT UNTERPROGRAMME
   252 				;
   253 				; -DLI1:GRAPHICS 0 ZEILE RAINBOW COLOR
   254 				; -DLI2:SPIELFELD BLAU (DUNKEL)
   255 				; -DLI3:SPIELFELD BLAU (HELL  )
   256 				;-------------------------------------
   257 				;
   258 = D016			COLPF0	EQU $D016
   259 = D017			COLPF1	EQU $D017
   260 = D018			COLPF2	EQU $D018
   261 = D01A			COLPF4	EQU $D01A
   262 = D40B			VCOUNT	EQU $D40B
   263 = D40A			WSYNC	EQU $D40A
   264 = D409			ZEIGER	EQU $D409
   265 = 0200			DLIVKTL	EQU 512
   266 = 0201			DLIVKTH	EQU 513
   267 = 4800			ZSATZ	EQU 18432
   268 				;
   269 AAAF			DLI1	
   270 AAAF 48				PHA        			;ALLE REG.VOM STACK
   271 AAB0 8D 0A D4			STA WSYNC
   272 AAB3 A9 03			LDA #3
   273 AAB5 8D 18 D0			STA COLPF2
   274 AAB8 8D 1A D0			STA COLPF4
   275 AABB A9 E0			LDA #224     		;BEKOMMT FEST SP.
   276 AABD 8D 09 D4			STA ZEIGER
   277 AAC0 A9 CC			LDA #<DLI2			;ZEIGER AUF NEUHE
   278 AAC2 8D 00 02			STA DLIVKTL 		; ROTINE.
   279 AAC5 A9 AA			LDA #>DLI2
   280 AAC7 8D 01 02			STA DLIVKTH
   281 AACA 68				PLA        			;RETURN F.INTERUPT.
   282 AACB 40				RTI
   283 				;
   284 				; INTERUPT 2
   285 				;
   286 AACC			DLI2	
   287 AACC 48				PHA
   288 AACD 8D 0A D4			STA WSYNC
   289 AAD0 A9 04			LDA #4
   290 AAD2 8D 1A D0			STA COLPF4
   291 AAD5 A9 E1			LDA #<DLI3	 		;ZEIGER AUF NEUHE
   292 AAD7 8D 00 02			STA DLIVKTL  		;ROTINE.
   293 AADA A9 AA			LDA #>DLI3
   294 AADC 8D 01 02			STA DLIVKTH
   295 AADF 68				PLA
   296 AAE0 40				RTI	
   297 				;
   298 				; INTERUPT 3
   299 				;
   300 AAE1			DLI3	
   301 AAE1 48				PHA
   302 AAE2 8D 0A D4			STA WSYNC
   303 AAE5 A9 05			LDA #5
   304 AAE7 8D 1A D0			STA COLPF4
   305 AAEA A9 F6			LDA #<DLI4  		;ZEIGER AUF NEUHE
   306 AAEC 8D 00 02			STA DLIVKTL  		;ROTINE.
   307 AAEF A9 AA			LDA #>DLI4
   308 AAF1 8D 01 02			STA DLIVKTH
   309 AAF4 68				PLA
   310 AAF5 40				RTI
   311 				;
   312 				; INTERUPT 4 
   313 				;
   314 AAF6			DLI4	
   315 AAF6 48				PHA
   316 AAF7 8D 0A D4			STA WSYNC
   317 AAFA A9 06			LDA #6
   318 AAFC 8D 1A D0			STA COLPF4
   319 AAFF A9 0B			LDA #<DLI5
   320 AB01 8D 00 02			STA DLIVKTL
   321 AB04 A9 AB			LDA #>DLI5
   322 AB06 8D 01 02			STA DLIVKTH
   323 AB09 68				PLA
   324 AB0A 40				RTI 
   325 				;
   326 				; INTERUPT 5
   327 				;
   328 AB0B			DLI5	
   329 AB0B 48				PHA
   330 AB0C 8D 0A D4			STA WSYNC
   331 AB0F A9 07			LDA #7
   332 AB11 8D 1A D0			STA COLPF4
   333 AB14 A9 20			LDA #<DLI6 				;ZEIGER AUF NEUHE
   334 AB16 8D 00 02			STA DLIVKTL  			;ROTINE.
   335 AB19 A9 AB			LDA #>DLI6
   336 AB1B 8D 01 02			STA DLIVKTH
   337 AB1E 68				PLA
   338 AB1F 40				RTI
   339
   340 				;
   341 				; INTERUPT 6
   342 				;
   343 AB20			DLI6	
   344 AB20 48				PHA
   345 AB21 8D 0A D4			STA WSYNC
   346 AB24 A9 08			LDA #8
   347 AB26 8D 1A D0			STA COLPF4
   348 AB29 A9 35			LDA #<DLI7  			;ZEIGER AUF NEUHE
   349 AB2B 8D 00 02			STA DLIVKTL  			;ROTINE.
   350 AB2E A9 AB			LDA #>DLI7
   351 AB30 8D 01 02			STA DLIVKTH
   352 AB33 68				PLA
   353 AB34 40				RTI
   354 				;
   355 				; INTERUPT 7
   356 				;
   357 AB35			DLI7	
   358 AB35 48				PHA
   359 AB36 8D 0A D4			STA WSYNC
   360 AB39 A9 09			LDA #9
   361 AB3B 8D 1A D0			STA COLPF4
   362 AB3E A9 32			LDA #50
   363 AB40 8D 18 D0			STA COLPF2
   364 AB43 A9 4F			LDA #<DLI8  			;ZEIGER AUF NEUHE
   365 AB45 8D 00 02			STA DLIVKTL  			;ROTINE.
   366 AB48 A9 AB			LDA #>DLI8
   367 AB4A 8D 01 02			STA DLIVKTH
   368 AB4D 68				PLA
   369 AB4E 40				RTI	
   370 				;
   371 				; INTERUPT 8
   372 				;
   373 AB4F			DLI8	
   374 AB4F 48				PHA
   375 AB50 8D 0A D4			STA WSYNC
   376 AB53 A9 0A			LDA #10
   377 AB55 8D 1A D0			STA COLPF4
   378 AB58 A9 64			LDA #<DLI9  			;ZEIGER AUF NEUHE
   379 AB5A 8D 00 02			STA DLIVKTL 			;ROTINE.
   380 AB5D A9 AB			LDA #>DLI9
   381 AB5F 8D 01 02			STA DLIVKTH
   382 AB62 68				PLA
   383 AB63 40				RTI
   384 				;
   385 				; INTERUPT 9 
   386 				;
   387 AB64			DLI9	
   388 AB64 48				PHA
   389 AB65 8D 0A D4			STA WSYNC
   390 AB68 A9 0B			LDA #11
   391 AB6A 8D 1A D0			STA COLPF4
   392 AB6D A9 79			LDA #<DLI10
   393 AB6F 8D 00 02			STA DLIVKTL
   394 AB72 A9 AB			LDA #>DLI10
   395 AB74 8D 01 02			STA DLIVKTH
   396 AB77 68				PLA
   397 AB78 40				RTI 
   398 				;
   399 				; INTERUPT 10
   400 				;
   401 AB79			DLI10	
   402 AB79 48				PHA
   403 AB7A 8D 0A D4			STA WSYNC
   404 AB7D A9 0C			LDA #12
   405 AB7F 8D 1A D0			STA COLPF4
   406 AB82 A9 8E			LDA #<DLI11  			;ZEIGER AUF NEUHE
   407 AB84 8D 00 02			STA DLIVKTL  			;ROTINE.
   408 AB87 A9 AB			LDA #>DLI11
   409 AB89 8D 01 02			STA DLIVKTH
   410 AB8C 68				PLA
   411 AB8D 40				RTI
   412 				;
   413 				; INTERUPT 11
   414 				;
   415 AB8E			DLI11	
   416 AB8E 48				PHA       				;ALLE REG.VOM STACK
   417 AB8F 8D 0A D4			STA WSYNC
   418 AB92 A9 0D			LDA #13
   419 AB94 8D 1A D0			STA COLPF4
   420 AB97 A9 A3			LDA #<DLI12 			;ZEIGER AUF NEUHE
   421 AB99 8D 00 02			STA DLIVKTL  			;ROTINE.
   422 AB9C A9 AB			LDA #>DLI12
   423 AB9E 8D 01 02			STA DLIVKTH
   424 ABA1 68				PLA       				;RETURN F.INTERUPT.
   425 ABA2 40				RTI
   426 				;
   427 				; INTERUPT 12
   428 				;
   429 ABA3			DLI12	
   430 ABA3 48				PHA
   431 ABA4 8D 0A D4			STA WSYNC
   432 ABA7 A9 0E			LDA #14
   433 ABA9 8D 1A D0			STA COLPF4
   434 ABAC A9 B8			LDA #<DLI13 			;ZEIGER AUF NEUHE
   435 ABAE 8D 00 02			STA DLIVKTL  			;ROTINE.
   436 ABB1 A9 AB			LDA #>DLI13
   437 ABB3 8D 01 02			STA DLIVKTH
   438 ABB6 68				PLA
   439 ABB7 40				RTI	
   440 				;
   441 				; INTERUPT 13
   442 				;
   443 ABB8			DLI13	
   444 ABB8 48				PHA
   445 ABB9 8D 0A D4			STA WSYNC
   446 ABBC A9 32			LDA #50
   447 ABBE 8D 1A D0			STA COLPF4
   448 ABC1 A9 CD			LDA #<DLI14 			;ZEIGER AUF NEUHE
   449 ABC3 8D 00 02			STA DLIVKTL  			;ROTINE.
   450 ABC6 A9 AB			LDA #>DLI14
   451 ABC8 8D 01 02			STA DLIVKTH
   452 ABCB 68				PLA
   453 ABCC 40				RTI
   454 				;
   455 				; INTERUPT 14 
   456 				;
   457 ABCD			DLI14	
   458 ABCD 48				PHA
   459 ABCE 8D 0A D4			STA WSYNC
   460 ABD1 A9 05			LDA #5
   461 ABD3 8D 1A D0			STA COLPF4
   462 ABD6 A9 48			LDA #>ZSATZ
   463 ABD8 8D 09 D4			STA ZEIGER
   464 ABDB A9 E7			LDA #<DLI15
   465 ABDD 8D 00 02			STA DLIVKTL
   466 ABE0 A9 AB			LDA #>DLI15
   467 ABE2 8D 01 02			STA DLIVKTH
   468 ABE5 68				PLA
   469 ABE6 40				RTI 
   470 				;
   471 				; INTERUPT 15
   472 				;
   473 ABE7			DLI15	
   474 ABE7 48				PHA
   475 ABE8 8D 0A D4			STA WSYNC
   476 ABEB A9 01			LDA #1
   477 ABED 8D 1A D0			STA COLPF4
   478 ABF0 A9 32			LDA #50
   479 ABF2 8D 18 D0			STA COLPF2
   480 ABF5 A9 01			LDA #<DLI16
   481 ABF7 8D 00 02			STA DLIVKTL
   482 ABFA A9 AC			LDA #>DLI16
   483 ABFC 8D 01 02			STA DLIVKTH
   484 ABFF 68				PLA
   485 AC00 40				RTI
   486 				;
   487 				; INTERUPT 16
   488 				;
   489 AC01			DLI16	
   490 AC01 48				PHA
   491 AC02 8D 0A D4			STA WSYNC
   492 AC05 A9 19			LDA #25
   493 AC07 8D 18 D0			STA COLPF2
   494 AC0A 8D 1A D0			STA COLPF4
   495 AC0D A9 E0			LDA #224
   496 AC0F 8D 09 D4			STA ZEIGER
   497 AC12 A9 AF			LDA #<DLI1	 			;ZEIGER AUF NEUHE
   498 AC14 8D 00 02			STA DLIVKTL  			;ROTINE.
   499 AC17 A9 AA			LDA #>DLI1
   500 AC19 8D 01 02			STA DLIVKTH
   501 AC1C 68				PLA
   502 AC1D 40				RTI
